/*C29*/SET SCHEMA PUBLIC
DISCONNECT
/*C28*/SET SCHEMA PUBLIC
DISCONNECT
/*C27*/SET SCHEMA PUBLIC
DISCONNECT
/*C30*/SET SCHEMA PUBLIC
DISCONNECT
/*C26*/SET SCHEMA PUBLIC
drop table users\u000a
create table users( \u000a  username varchar(200),\u000a  password varchar(200),\u000a  enabled varchar(100),\u000a  primary key(username))
/*C33*/SET SCHEMA PUBLIC
INSERT INTO USERS VALUES('admin','$2a$10$He7pkEp6JGfGQzEOtUokMuGZoh2Jde0Bg5xRtdC7Mwki8b1zOU5f6','true')
COMMIT
INSERT INTO AUTHORITIES VALUES('admin','ROLE_ADMIN')
COMMIT
INSERT INTO AUTHORITIES VALUES('admin','ROLE_USER')
COMMIT
INSERT INTO USERS VALUES('user','$2a$10$6LC1593qRoeX6Pb.NHfn.ewSj0eR3IKHSfxwGPEmXqtAPWvdUVG1W','true')
COMMIT
INSERT INTO AUTHORITIES VALUES('user','ROLE_user')
COMMIT
